ERC report (2026-05-09T21:55:55-0700, Encoding UTF8)

***** Sheet /
[power_pin_not_driven]: Input Power pin not driven by any Output Power pins
    ; error
    @(4900 mils, 2350 mils): Symbol U3 Pin 2 [VDD3P3, Power input, Line]
[power_pin_not_driven]: Input Power pin not driven by any Output Power pins
    ; error
    @(5200 mils, 2350 mils): Symbol U3 Pin 11 [VDD3P3_RTC, Power input, Line]
[pin_to_pin]: Pins of type Power output and Power output are connected
    ; error
    @(4200 mils, 6500 mils): Symbol U1 Pin 4 [GND, Power output, Line]
    @(4200 mils, 7000 mils): Symbol U1 Pin 9 [GND, Power output, Line]
[power_pin_not_driven]: Input Power pin not driven by any Output Power pins
    ; error
    @(5800 mils, 6700 mils): Symbol U1 Pin 19 [V+, Power input, Line]
[pin_to_pin]: Pins of type Unspecified and Passive are connected
    ; warning
    @(1100 mils, 1150 mils): Symbol U2 Pin 3 [VIN, Unspecified, Line]
    @(950 mils, 1200 mils): Symbol C1 Pin 1 [Passive, Line]
[pin_to_pin]: Pins of type Unspecified and Power input are connected
    ; warning
    @(1400 mils, 1450 mils): Symbol U2 Pin 1 [GND, Unspecified, Line]
    @(1400 mils, 1450 mils): Symbol #PWR06 Pin 1 [Power input, Line]
[pin_to_pin]: Pins of type Unspecified and Passive are connected
    ; warning
    @(1700 mils, 1150 mils): Symbol U2 Pin 4 [VOUT, Unspecified, Line]
    @(1800 mils, 1200 mils): Symbol C2 Pin 1 [Passive, Line]
[pin_to_pin]: Pins of type Unspecified and Passive are connected
    ; warning
    @(1700 mils, 1150 mils): Symbol U2 Hidden pin 2 [VOUT, Unspecified, Line]
    @(1800 mils, 1200 mils): Symbol C2 Pin 1 [Passive, Line]
[pin_to_pin]: Pins of type Unspecified and Power input are connected
    ; warning
    @(2900 mils, 3850 mils): Symbol X1 Pin 4 [GND, Unspecified, Line]
    @(2900 mils, 3850 mils): Symbol #PWR014 Pin 1 [Power input, Line]
[pin_to_pin]: Pins of type Unspecified and Passive are connected
    ; warning
    @(2900 mils, 4050 mils): Symbol X1 Pin 1 [OSC, Unspecified, Line]
    @(3300 mils, 4350 mils): Symbol C11 Pin 1 [Passive, Line]
[pin_to_pin]: Pins of type Unspecified and Passive are connected
    ; warning
    @(3500 mils, 3850 mils): Symbol X1 Pin 3 [OSC, Unspecified, Line]
    @(3750 mils, 3850 mils): Symbol C10 Pin 1 [Passive, Line]
[pin_to_pin]: Pins of type Unspecified and Power input are connected
    ; warning
    @(3500 mils, 4050 mils): Symbol X1 Pin 2 [GND, Unspecified, Line]
    @(3500 mils, 4050 mils): Symbol #PWR011 Pin 1 [Power input, Line]
[pin_to_pin]: Pins of type Unspecified and Bidirectional are connected
    ; warning
    @(950 mils, 5650 mils): Symbol S5 Pin 1 [A, Unspecified, Line]
    @(4400 mils, 2950 mils): Symbol U3 Pin 16 [GPIO10, Bidirectional, Line]
[pin_to_pin]: Pins of type Unspecified and Power input are connected
    ; warning
    @(950 mils, 5950 mils): Symbol S5 Pin 2 [B, Unspecified, Line]
    @(950 mils, 5950 mils): Symbol #PWR024 Pin 1 [Power input, Line]
[pin_to_pin]: Pins of type Unspecified and Bidirectional are connected
    ; warning
    @(950 mils, 6450 mils): Symbol S1 Pin 1 [A, Unspecified, Line]
    @(4400 mils, 2550 mils): Symbol U3 Pin 6 [GPIO2, Bidirectional, Line]
[pin_to_pin]: Pins of type Unspecified and Power input are connected
    ; warning
    @(950 mils, 6750 mils): Symbol S1 Pin 2 [B, Unspecified, Line]
    @(950 mils, 6750 mils): Symbol #PWR020 Pin 1 [Power input, Line]
[pin_to_pin]: Pins of type Unspecified and Bidirectional are connected
    ; warning
    @(2350 mils, 6450 mils): Symbol S3 Pin 1 [A, Unspecified, Line]
    @(4400 mils, 2750 mils): Symbol U3 Pin 14 [GPIO8, Bidirectional, Line]
[pin_to_pin]: Pins of type Unspecified and Power input are connected
    ; warning
    @(2350 mils, 6750 mils): Symbol S3 Pin 2 [B, Unspecified, Line]
    @(2350 mils, 6750 mils): Symbol #PWR022 Pin 1 [Power input, Line]
[pin_to_pin]: Pins of type Unspecified and Bidirectional are connected
    ; warning
    @(950 mils, 7150 mils): Symbol S2 Pin 1 [A, Unspecified, Line]
    @(4400 mils, 2650 mils): Symbol U3 Pin 8 [GPIO3, Bidirectional, Line]
[pin_to_pin]: Pins of type Unspecified and Bidirectional are connected
    ; warning
    @(4200 mils, 6200 mils): Symbol U1 Pin 1 [DIN, Unspecified, Line]
    @(6200 mils, 2950 mils): Symbol U3 Pin 9 [MTMS, Bidirectional, Line]
[pin_to_pin]: Pins of type Unspecified and Power input are connected
    ; warning
    @(950 mils, 7450 mils): Symbol S2 Pin 2 [B, Unspecified, Line]
    @(950 mils, 7450 mils): Symbol #PWR021 Pin 1 [Power input, Line]
[pin_to_pin]: Pins of type Unspecified and Bidirectional are connected
    ; warning
    @(2350 mils, 7150 mils): Symbol S4 Pin 1 [A, Unspecified, Line]
    @(4400 mils, 2850 mils): Symbol U3 Pin 15 [GPIO9, Bidirectional, Line]
[pin_to_pin]: Pins of type Unspecified and Power input are connected
    ; warning
    @(2350 mils, 7450 mils): Symbol S4 Pin 2 [B, Unspecified, Line]
    @(2350 mils, 7450 mils): Symbol #PWR023 Pin 1 [Power input, Line]
[pin_to_pin]: Pins of type Unspecified and Bidirectional are connected
    ; warning
    @(4200 mils, 7300 mils): Symbol U1 Pin 12 [*CS, Unspecified, Line]
    @(6200 mils, 3150 mils): Symbol U3 Pin 12 [MTCK, Bidirectional, Line]
[pin_to_pin]: Pins of type Unspecified and Passive are connected
    ; warning
    @(5800 mils, 6300 mils): Symbol U1 Pin 23 [SEGS, Unspecified, Line]
    @(10700 mils, 5000 mils): Symbol D64 Pin 1 [Passive, Line]
[pin_to_pin]: Pins of type Unspecified and Passive are connected
    ; warning
    @(5800 mils, 6400 mils): Symbol U1 Pin 22 [SEGDP, Unspecified, Line]
    @(11050 mils, 5000 mils): Symbol D65 Pin 1 [Passive, Line]
[pin_to_pin]: Pins of type Unspecified and Passive are connected
    ; warning
    @(5800 mils, 6500 mils): Symbol U1 Pin 21 [SEGE, Unspecified, Line]
    @(9500 mils, 5000 mils): Symbol D61 Pin 1 [Passive, Line]
[pin_to_pin]: Pins of type Unspecified and Passive are connected
    ; warning
    @(5800 mils, 6600 mils): Symbol U1 Pin 20 [SEGC, Unspecified, Line]
    @(9150 mils, 5000 mils): Symbol D60 Pin 1 [Passive, Line]
[pin_to_pin]: Pins of type Unspecified and Passive are connected
    ; warning
    @(5800 mils, 6800 mils): Symbol U1 Pin 18 [ISET, Unspecified, Line]
    @(6050 mils, 6800 mils): Symbol R4 Pin 1 [Passive, Line]
[pin_to_pin]: Pins of type Unspecified and Passive are connected
    ; warning
    @(5800 mils, 6900 mils): Symbol U1 Pin 17 [SEGG, Unspecified, Line]
    @(10300 mils, 5000 mils): Symbol D63 Pin 1 [Passive, Line]
[pin_to_pin]: Pins of type Unspecified and Passive are connected
    ; warning
    @(5800 mils, 7000 mils): Symbol U1 Pin 16 [SEGB, Unspecified, Line]
    @(8750 mils, 5000 mils): Symbol D59 Pin 1 [Passive, Line]
[pin_to_pin]: Pins of type Unspecified and Passive are connected
    ; warning
    @(5800 mils, 7100 mils): Symbol U1 Pin 15 [SEGF, Unspecified, Line]
    @(9900 mils, 5000 mils): Symbol D62 Pin 1 [Passive, Line]
[pin_to_pin]: Pins of type Unspecified and Passive are connected
    ; warning
    @(5800 mils, 7200 mils): Symbol U1 Pin 14 [SEGA, Unspecified, Line]
    @(8400 mils, 5000 mils): Symbol D58 Pin 1 [Passive, Line]
[pin_to_pin]: Pins of type Unspecified and Bidirectional are connected
    ; warning
    @(5800 mils, 7300 mils): Symbol U1 Pin 13 [CLK, Unspecified, Line]
    @(6200 mils, 3050 mils): Symbol U3 Pin 10 [MTDI, Bidirectional, Line]

 ** ERC messages: 34  Errors 4  Warnings 30
