06-12 21:46:57 com_github_MitjaNemec_PlaceFootprints.action_place_footprints 674:Plugin executed on: 'darwin'
06-12 21:46:57 com_github_MitjaNemec_PlaceFootprints.action_place_footprints 675:Plugin executed with python version: '3.9.13 (v3.9.13:6de2ca5339, May 17 2022, 11:37:23) \n[Clang 13.0.0 (clang-1300.0.29.30)]'
06-12 21:46:57 com_github_MitjaNemec_PlaceFootprints.action_place_footprints 676:KiCad build version: 9.0.6
06-12 21:46:57 com_github_MitjaNemec_PlaceFootprints.action_place_footprints 677:Plugin version: 4.0.1
06-12 21:46:57 com_github_MitjaNemec_PlaceFootprints.action_place_footprints 678:Frame repr: <wx._core.Frame object at 0x12ad445e0>
06-12 21:46:57 com_github_MitjaNemec_PlaceFootprints.place_footprints 121:getting a list of all footprints on board
06-12 21:46:57 com_github_MitjaNemec_PlaceFootprints.place_footprints 156:Footprint D37 on root level
06-12 21:46:57 com_github_MitjaNemec_PlaceFootprints.place_footprints 156:Footprint U2 on root level
06-12 21:46:57 com_github_MitjaNemec_PlaceFootprints.place_footprints 156:Footprint D48 on root level
06-12 21:46:57 com_github_MitjaNemec_PlaceFootprints.place_footprints 156:Footprint D43 on root level
06-12 21:46:57 com_github_MitjaNemec_PlaceFootprints.place_footprints 156:Footprint S4 on root level
06-12 21:46:57 com_github_MitjaNemec_PlaceFootprints.place_footprints 156:Footprint D10 on root level
06-12 21:46:57 com_github_MitjaNemec_PlaceFootprints.place_footprints 156:Footprint X1 on root level
06-12 21:46:57 com_github_MitjaNemec_PlaceFootprints.place_footprints 156:Footprint D61 on root level
06-12 21:46:57 com_github_MitjaNemec_PlaceFootprints.place_footprints 156:Footprint D6 on root level
06-12 21:46:57 com_github_MitjaNemec_PlaceFootprints.place_footprints 156:Footprint C10 on root level
06-12 21:46:57 com_github_MitjaNemec_PlaceFootprints.place_footprints 156:Footprint R5 on root level
06-12 21:46:57 com_github_MitjaNemec_PlaceFootprints.place_footprints 156:Footprint C5 on root level
06-12 21:46:57 com_github_MitjaNemec_PlaceFootprints.place_footprints 156:Footprint D52 on root level
06-12 21:46:57 com_github_MitjaNemec_PlaceFootprints.place_footprints 156:Footprint D56 on root level
06-12 21:46:57 com_github_MitjaNemec_PlaceFootprints.place_footprints 156:Footprint C4 on root level
06-12 21:46:57 com_github_MitjaNemec_PlaceFootprints.place_footprints 156:Footprint D63 on root level
06-12 21:46:57 com_github_MitjaNemec_PlaceFootprints.place_footprints 156:Footprint D9 on root level
06-12 21:46:57 com_github_MitjaNemec_PlaceFootprints.place_footprints 156:Footprint D15 on root level
06-12 21:46:57 com_github_MitjaNemec_PlaceFootprints.place_footprints 156:Footprint D13 on root level
06-12 21:46:57 com_github_MitjaNemec_PlaceFootprints.place_footprints 156:Footprint D22 on root level
06-12 21:46:57 com_github_MitjaNemec_PlaceFootprints.place_footprints 156:Footprint D60 on root level
06-12 21:46:57 com_github_MitjaNemec_PlaceFootprints.place_footprints 156:Footprint L1 on root level
06-12 21:46:57 com_github_MitjaNemec_PlaceFootprints.place_footprints 156:Footprint D8 on root level
06-12 21:46:57 com_github_MitjaNemec_PlaceFootprints.place_footprints 156:Footprint J1 on root level
06-12 21:46:57 com_github_MitjaNemec_PlaceFootprints.place_footprints 156:Footprint L2 on root level
06-12 21:46:57 com_github_MitjaNemec_PlaceFootprints.place_footprints 156:Footprint D58 on root level
06-12 21:46:57 com_github_MitjaNemec_PlaceFootprints.place_footprints 156:Footprint D39 on root level
06-12 21:46:57 com_github_MitjaNemec_PlaceFootprints.place_footprints 156:Footprint D64 on root level
06-12 21:46:57 com_github_MitjaNemec_PlaceFootprints.place_footprints 156:Footprint D23 on root level
06-12 21:46:57 com_github_MitjaNemec_PlaceFootprints.place_footprints 156:Footprint D46 on root level
06-12 21:46:57 com_github_MitjaNemec_PlaceFootprints.place_footprints 156:Footprint D36 on root level
06-12 21:46:57 com_github_MitjaNemec_PlaceFootprints.place_footprints 156:Footprint D28 on root level
06-12 21:46:57 com_github_MitjaNemec_PlaceFootprints.place_footprints 156:Footprint D41 on root level
06-12 21:46:57 com_github_MitjaNemec_PlaceFootprints.place_footprints 156:Footprint D26 on root level
06-12 21:46:57 com_github_MitjaNemec_PlaceFootprints.place_footprints 156:Footprint D57 on root level
06-12 21:46:57 com_github_MitjaNemec_PlaceFootprints.place_footprints 156:Footprint C1 on root level
06-12 21:46:57 com_github_MitjaNemec_PlaceFootprints.place_footprints 156:Footprint D32 on root level
06-12 21:46:57 com_github_MitjaNemec_PlaceFootprints.place_footprints 156:Footprint D47 on root level
06-12 21:46:57 com_github_MitjaNemec_PlaceFootprints.place_footprints 156:Footprint D53 on root level
06-12 21:46:57 com_github_MitjaNemec_PlaceFootprints.place_footprints 156:Footprint C2 on root level
06-12 21:46:57 com_github_MitjaNemec_PlaceFootprints.place_footprints 156:Footprint C11 on root level
06-12 21:46:57 com_github_MitjaNemec_PlaceFootprints.place_footprints 156:Footprint D7 on root level
06-12 21:46:57 com_github_MitjaNemec_PlaceFootprints.place_footprints 156:Footprint D1 on root level
06-12 21:46:57 com_github_MitjaNemec_PlaceFootprints.place_footprints 156:Footprint U3 on root level
06-12 21:46:57 com_github_MitjaNemec_PlaceFootprints.place_footprints 156:Footprint D42 on root level
06-12 21:46:57 com_github_MitjaNemec_PlaceFootprints.place_footprints 156:Footprint D25 on root level
06-12 21:46:57 com_github_MitjaNemec_PlaceFootprints.place_footprints 156:Footprint C8 on root level
06-12 21:46:57 com_github_MitjaNemec_PlaceFootprints.place_footprints 156:Footprint D38 on root level
06-12 21:46:57 com_github_MitjaNemec_PlaceFootprints.place_footprints 156:Footprint D29 on root level
06-12 21:46:57 com_github_MitjaNemec_PlaceFootprints.place_footprints 156:Footprint D30 on root level
06-12 21:46:57 com_github_MitjaNemec_PlaceFootprints.place_footprints 156:Footprint R6 on root level
06-12 21:46:57 com_github_MitjaNemec_PlaceFootprints.place_footprints 156:Footprint D35 on root level
06-12 21:46:57 com_github_MitjaNemec_PlaceFootprints.place_footprints 156:Footprint D4 on root level
06-12 21:46:57 com_github_MitjaNemec_PlaceFootprints.place_footprints 156:Footprint R1 on root level
06-12 21:46:57 com_github_MitjaNemec_PlaceFootprints.place_footprints 156:Footprint D59 on root level
06-12 21:46:57 com_github_MitjaNemec_PlaceFootprints.place_footprints 156:Footprint D17 on root level
06-12 21:46:57 com_github_MitjaNemec_PlaceFootprints.place_footprints 156:Footprint C6 on root level
06-12 21:46:57 com_github_MitjaNemec_PlaceFootprints.place_footprints 156:Footprint R4 on root level
06-12 21:46:57 com_github_MitjaNemec_PlaceFootprints.place_footprints 156:Footprint D20 on root level
06-12 21:46:57 com_github_MitjaNemec_PlaceFootprints.place_footprints 156:Footprint D40 on root level
06-12 21:46:57 com_github_MitjaNemec_PlaceFootprints.place_footprints 156:Footprint D55 on root level
06-12 21:46:57 com_github_MitjaNemec_PlaceFootprints.place_footprints 156:Footprint S3 on root level
06-12 21:46:57 com_github_MitjaNemec_PlaceFootprints.place_footprints 156:Footprint D51 on root level
06-12 21:46:57 com_github_MitjaNemec_PlaceFootprints.place_footprints 156:Footprint C3 on root level
06-12 21:46:57 com_github_MitjaNemec_PlaceFootprints.place_footprints 156:Footprint D44 on root level
06-12 21:46:57 com_github_MitjaNemec_PlaceFootprints.place_footprints 156:Footprint C7 on root level
06-12 21:46:57 com_github_MitjaNemec_PlaceFootprints.place_footprints 156:Footprint D16 on root level
06-12 21:46:57 com_github_MitjaNemec_PlaceFootprints.place_footprints 156:Footprint S2 on root level
06-12 21:46:57 com_github_MitjaNemec_PlaceFootprints.place_footprints 156:Footprint D66 on root level
06-12 21:46:57 com_github_MitjaNemec_PlaceFootprints.place_footprints 156:Footprint D2 on root level
06-12 21:46:57 com_github_MitjaNemec_PlaceFootprints.place_footprints 156:Footprint D5 on root level
06-12 21:46:57 com_github_MitjaNemec_PlaceFootprints.place_footprints 156:Footprint D50 on root level
06-12 21:46:57 com_github_MitjaNemec_PlaceFootprints.place_footprints 156:Footprint D11 on root level
06-12 21:46:57 com_github_MitjaNemec_PlaceFootprints.place_footprints 156:Footprint D62 on root level
06-12 21:46:57 com_github_MitjaNemec_PlaceFootprints.place_footprints 156:Footprint R3 on root level
06-12 21:46:57 com_github_MitjaNemec_PlaceFootprints.place_footprints 156:Footprint D67 on root level
06-12 21:46:57 com_github_MitjaNemec_PlaceFootprints.place_footprints 156:Footprint D31 on root level
06-12 21:46:57 com_github_MitjaNemec_PlaceFootprints.place_footprints 156:Footprint D27 on root level
06-12 21:46:57 com_github_MitjaNemec_PlaceFootprints.place_footprints 156:Footprint R2 on root level
06-12 21:46:57 com_github_MitjaNemec_PlaceFootprints.place_footprints 156:Footprint D54 on root level
06-12 21:46:57 com_github_MitjaNemec_PlaceFootprints.place_footprints 156:Footprint D65 on root level
06-12 21:46:57 com_github_MitjaNemec_PlaceFootprints.place_footprints 156:Footprint D3 on root level
06-12 21:46:57 com_github_MitjaNemec_PlaceFootprints.place_footprints 156:Footprint C9 on root level
06-12 21:46:57 com_github_MitjaNemec_PlaceFootprints.place_footprints 156:Footprint D45 on root level
06-12 21:46:57 com_github_MitjaNemec_PlaceFootprints.place_footprints 156:Footprint D14 on root level
06-12 21:46:57 com_github_MitjaNemec_PlaceFootprints.place_footprints 156:Footprint D19 on root level
06-12 21:46:57 com_github_MitjaNemec_PlaceFootprints.place_footprints 156:Footprint D12 on root level
06-12 21:46:57 com_github_MitjaNemec_PlaceFootprints.place_footprints 156:Footprint D33 on root level
06-12 21:46:57 com_github_MitjaNemec_PlaceFootprints.place_footprints 156:Footprint D49 on root level
06-12 21:46:57 com_github_MitjaNemec_PlaceFootprints.place_footprints 156:Footprint S1 on root level
06-12 21:46:57 com_github_MitjaNemec_PlaceFootprints.place_footprints 156:Footprint D21 on root level
06-12 21:46:57 com_github_MitjaNemec_PlaceFootprints.place_footprints 156:Footprint U1 on root level
06-12 21:46:57 com_github_MitjaNemec_PlaceFootprints.place_footprints 156:Footprint D34 on root level
06-12 21:46:57 com_github_MitjaNemec_PlaceFootprints.place_footprints 156:Footprint D18 on root level
06-12 21:46:57 com_github_MitjaNemec_PlaceFootprints.place_footprints 156:Footprint D24 on root level
06-12 21:46:57 com_github_MitjaNemec_PlaceFootprints.action_place_footprints 717:Reference footprint='D2'
06-12 21:46:58 com_github_MitjaNemec_PlaceFootprints.action_place_footprints 858:Reference designator is: D
06-12 21:46:58 com_github_MitjaNemec_PlaceFootprints.action_place_footprints 859:Reference number is: 2
06-12 21:46:58 com_github_MitjaNemec_PlaceFootprints.action_place_footprints 891:Sorted and filtered list:
['D1', 'D2', 'D3', 'D4', 'D5', 'D6', 'D7', 'D8', 'D9', 'D10', 'D11', 'D12', 'D13', 'D14', 'D15', 'D16', 'D17', 'D18', 'D19', 'D20', 'D21', 'D22', 'D23', 'D24', 'D25', 'D26', 'D27', 'D28', 'D29', 'D30', 'D31', 'D32', 'D33', 'D34', 'D35', 'D36', 'D37', 'D38', 'D39', 'D40', 'D41', 'D42', 'D43', 'D44', 'D45', 'D46', 'D47', 'D48', 'D49', 'D50', 'D51', 'D52', 'D53', 'D54', 'D55', 'D56', 'D57', 'D58', 'D59', 'D60', 'D61', 'D62', 'D63', 'D64', 'D65', 'D66', 'D67']
06-12 21:46:58 com_github_MitjaNemec_PlaceFootprints.action_place_footprints 376:wx.Colour(38, 38, 38, 255)
06-12 21:47:42 com_github_MitjaNemec_PlaceFootprints.action_place_footprints 507:'4'
06-12 21:47:42 com_github_MitjaNemec_PlaceFootprints.action_place_footprints 566:Preparing config for reference matrix
06-12 21:47:42 com_github_MitjaNemec_PlaceFootprints.action_place_footprints 573:Saving config file
06-12 21:47:42 com_github_MitjaNemec_PlaceFootprints.action_place_footprints 575:Saved the config file
06-12 21:47:42 com_github_MitjaNemec_PlaceFootprints.action_place_footprints 929:Footprints to place:
['D3', 'D4', 'D5', 'D6', 'D7', 'D8', 'D9', 'D10', 'D11', 'D12', 'D13', 'D14', 'D15', 'D16', 'D17', 'D18', 'D19', 'D20', 'D21', 'D22', 'D23', 'D24', 'D25', 'D26', 'D27', 'D28', 'D29', 'D30', 'D31', 'D32', 'D33', 'D34', 'D35', 'D36', 'D37', 'D38', 'D39', 'D40', 'D41', 'D42', 'D43', 'D44', 'D45', 'D46', 'D47', 'D48', 'D49', 'D50', 'D51', 'D52', 'D53', 'D54', 'D55', 'D56', 'D57', 'D58', 'D59', 'D60', 'D61', 'D62', 'D63', 'D64', 'D65']
06-12 21:47:42 com_github_MitjaNemec_PlaceFootprints.place_footprints 427:Starting placing with matrix layout
06-12 21:47:42 com_github_MitjaNemec_PlaceFootprints.action_place_footprints 1002:Fatal error when executing place footprints
Traceback (most recent call last):
  File "/Users/jonathan/Documents/KiCad/9.0/3rdparty//plugins/com_github_MitjaNemec_PlaceFootprints/action_place_footprints.py", line 997, in Run
    placer.place_matrix(footprints_to_place, ref_fp_ref, step_x, step_y, nr_columns, step, rotation,
  File "/Users/jonathan/Documents/KiCad/9.0/3rdparty//plugins/com_github_MitjaNemec_PlaceFootprints/place_footprints.py", line 436, in place_matrix
    ref_fp_index = footprints.index(ref_fp)
ValueError: Footprint(ref='D2', fp=<pcbnew.FOOTPRINT; proxy of <Swig Object of type 'FOOTPRINT *' at 0x148008b70> >, fp_id='4AA66E81-48A2-4074-A5B2-5CA1C028FABE', sheet_id=[], filename=[]) is not in list
